EXE:
CS:  4,00 kB
JS:  2,50 kB
JSM: 6,00 kB

IL:
CS:  6,54 kB
JS:  4,99 kB
JSM: 21,13 kB

