CS:  00:00:01.0106201
JS:  00:00:01.0277523
JSM: 00:00:01.0106252

