EXE:
CS:  4,00 kB
JS:  3,00 kB
JSM: 7,00 kB

IL:
CS:  7,71 kB
JS:  6,19 kB
JSM: 34,20 kB

