CS:  00:00:01.0167201
JS:  00:00:01.0104173
JSM: 00:00:01.0227975

